---
source: crates/figue/tests/integration/help.rs
assertion_line: 307
expression: "strip_ansi_escapes :: strip_str(& help)"
---
main rm

Remove a package

USAGE:
    main rm [OPTIONS] <PACKAGE>

ARGUMENTS:
        <PACKAGE>
            Package name to remove

OPTIONS:
    -h, --help
            Show help message and exit.
        --html-help
            Open HTML help in the browser and exit.
    -V, --version
            Show version and exit.
        --completions <bash,zsh,fish>
            Generate shell completions.
        --export-jsonschemas <DIR>
            Export JSON Schema files for all config roots.
    -y, --[no-]yes
            Don't ask for confirmation
